[2026-04-27 09:14:53] Iniciando backup local de PostgreSQL...
[2026-04-27 09:14:53] Destino: ./backups/dressflow_prod_2026-04-27_09-14-53.dump.gz
pg_dump: ejecutando SELECT pg_catalog.set_config('search_path', '', false);
pg_dump: el último OID interno es 16383
pg_dump: leyendo las extensiones
pg_dump: identificando miembros de extensión
pg_dump: leyendo esquemas
pg_dump: leyendo las tablas definidas por el usuario
pg_dump: leyendo las funciones definidas por el usuario
pg_dump: leyendo los tipos definidos por el usuario
pg_dump: leyendo los lenguajes procedurales
pg_dump: leyendo las funciones de agregación definidas por el usuario
pg_dump: leyendo los operadores definidos por el usuario
pg_dump: leyendo los métodos de acceso definidos por el usuario
pg_dump: leyendo las clases de operadores definidos por el usuario
pg_dump: leyendo las familias de operadores definidas por el usuario
pg_dump: leyendo los procesadores (parsers) de búsqueda en texto definidos por el usuario
pg_dump: leyendo las plantillas de búsqueda en texto definidas por el usuario
pg_dump: leyendo los diccionarios de búsqueda en texto definidos por el usuario
pg_dump: leyendo las configuraciones de búsqueda en texto definidas por el usuario
pg_dump: leyendo los conectores de datos externos definidos por el usuario
pg_dump: leyendo los servidores foráneos definidas por el usuario
pg_dump: leyendo los privilegios por omisión
pg_dump: leyendo los ordenamientos definidos por el usuario
pg_dump: leyendo las conversiones definidas por el usuario
pg_dump: leyendo conversiones de tipo
pg_dump: leyendo las transformaciones
pg_dump: leyendo la información de herencia de las tablas
pg_dump: leyendo los disparadores por eventos
pg_dump: buscando tablas de extensión
pg_dump: buscando relaciones de herencia
pg_dump: leyendo la información de columnas para las tablas interesantes
pg_dump: encontrando expresiones default de tablas
pg_dump: marcando las columnas heredadas en las subtablas
pg_dump: leyendo datos de particionamiento
pg_dump: leyendo los índices
pg_dump: marcando índices en las tablas particionadas
pg_dump: leyendo estadísticas extendidas
pg_dump: leyendo las restricciones
pg_dump: leyendo los disparadores (triggers)
pg_dump: leyendo las reglas de reescritura
pg_dump: leyendo políticas
pg_dump: leyendo políticas de seguridad a nivel de registros
pg_dump: leyendo publicaciones
pg_dump: leyendo membresía de tablas en publicaciones
pg_dump: leyendo membresía de esquemas en publicaciones
pg_dump: leyendo las suscripciones
pg_dump: leyendo membresía de tablas en suscripciones
pg_dump: leyendo objetos grandes
pg_dump: obteniendo datos de dependencias
pg_dump: salvando codificaciones = UTF8
pg_dump: salvando «standard_conforming_strings = on»
pg_dump: salvando «search_path = »
pg_dump: salvando las definiciones de la base de datos
pg_dump: extrayendo el contenido de la tabla «public.accessories»
pg_dump: extrayendo el contenido de la tabla «public.accessory_movements»
pg_dump: extrayendo el contenido de la tabla «public.accessory_sales»
pg_dump: extrayendo el contenido de la tabla «public.audit_logs»
pg_dump: extrayendo el contenido de la tabla «public.capsules»
pg_dump: extrayendo el contenido de la tabla «public.customers»
pg_dump: extrayendo el contenido de la tabla «public.dress_images»
pg_dump: extrayendo el contenido de la tabla «public.dress_sales»
pg_dump: extrayendo el contenido de la tabla «public.dress_status_history»
pg_dump: extrayendo el contenido de la tabla «public.dresses»
pg_dump: extrayendo el contenido de la tabla «public.fabric_movements»
pg_dump: extrayendo el contenido de la tabla «public.fabric_rolls»
pg_dump: extrayendo el contenido de la tabla «public.fabrics»
pg_dump: extrayendo el contenido de la tabla «public.field_definitions»
pg_dump: extrayendo el contenido de la tabla «public.impersonation_audit»
pg_dump: extrayendo el contenido de la tabla «public.loans»
pg_dump: extrayendo el contenido de la tabla «public.production_order_events»
pg_dump: extrayendo el contenido de la tabla «public.production_order_materials»
pg_dump: extrayendo el contenido de la tabla «public.production_order_outputs»
pg_dump: extrayendo el contenido de la tabla «public.production_orders»
pg_dump: extrayendo el contenido de la tabla «public.sale_items»
pg_dump: extrayendo el contenido de la tabla «public.sale_payments»
pg_dump: extrayendo el contenido de la tabla «public.sales»
pg_dump: extrayendo el contenido de la tabla «public.suppliers»
pg_dump: extrayendo el contenido de la tabla «public.tenant_features»
pg_dump: extrayendo el contenido de la tabla «public.tenant_field_configs»
pg_dump: extrayendo el contenido de la tabla «public.tenant_field_settings»
pg_dump: extrayendo el contenido de la tabla «public.tenant_sequences»
pg_dump: extrayendo el contenido de la tabla «public.tenants»
pg_dump: extrayendo el contenido de la tabla «public.trim_movements»
pg_dump: extrayendo el contenido de la tabla «public.trims»
pg_dump: extrayendo el contenido de la tabla «public.user_tenants»
pg_dump: extrayendo el contenido de la tabla «public.users»
[2026-04-27 09:15:15] Backup generado correctamente: ./backups/dressflow_prod_2026-04-27_09-14-53.dump.gz (32K)
[2026-04-27 09:15:15] Limpiando backups locales mayores a 30 días...
